// Jest Snapshot v1, https://goo.gl/fbAQLP

exports[`should show expense list item 1`] = `
<div>
  <Link
    to="/edit/2"
  >
    <h3>
      burger
    </h3>
  </Link>
  <p>
    $0.70
    -
    28th December, 1969
  </p>
</div>
`;
